>>> from doctest_fromtxt import add
>>> add('a','b')
'ab'
>>> add([1],[2])
[1, 2]
>>> add()
Traceback (most recent call last):
TypeError: add() takes exactly 2 arguments (0 given)
>>> add(1, 2, 3)
Traceback (most recent call last):
TypeError: add() takes exactly 2 arguments (3 given)
